<?xml version="1.0"?>
<link_info>
   <banner>MSP430 Linker PC v4.3.0B1</banner>
   <copyright>Copyright (c) 2003-2013 Texas Instruments Incorporated</copyright>
   <link_time>0x536c0ac9</link_time>
   <link_errors>0x0</link_errors>
   <output_file>Proj7_IT_target_2221.out</output_file>
   <entry_point>
      <name>_c_int00</name>
      <address>0xf9f6</address>
   </entry_point>
   <input_file_list>
      <input_file id="fl-2">
         <path>.\</path>
         <kind>object</kind>
         <file>main.obj</file>
         <name>main.obj</name>
      </input_file>
      <input_file id="fl-1c">
         <path>c:\ti\ccsv6\tools\compiler\MSP430_4.3.0B1\lib\</path>
         <kind>archive</kind>
         <file>rts430_eabi.lib</file>
         <name>boot.obj</name>
      </input_file>
      <input_file id="fl-1d">
         <path>c:\ti\ccsv6\tools\compiler\MSP430_4.3.0B1\lib\</path>
         <kind>archive</kind>
         <file>rts430_eabi.lib</file>
         <name>copy_decompress_none.obj</name>
      </input_file>
      <input_file id="fl-1e">
         <path>c:\ti\ccsv6\tools\compiler\MSP430_4.3.0B1\lib\</path>
         <kind>archive</kind>
         <file>rts430_eabi.lib</file>
         <name>copy_decompress_rle.obj</name>
      </input_file>
      <input_file id="fl-1f">
         <path>c:\ti\ccsv6\tools\compiler\MSP430_4.3.0B1\lib\</path>
         <kind>archive</kind>
         <file>rts430_eabi.lib</file>
         <name>copy_zero_init.obj</name>
      </input_file>
      <input_file id="fl-20">
         <path>c:\ti\ccsv6\tools\compiler\MSP430_4.3.0B1\lib\</path>
         <kind>archive</kind>
         <file>rts430_eabi.lib</file>
         <name>epilog.obj</name>
      </input_file>
      <input_file id="fl-21">
         <path>c:\ti\ccsv6\tools\compiler\MSP430_4.3.0B1\lib\</path>
         <kind>archive</kind>
         <file>rts430_eabi.lib</file>
         <name>exit.obj</name>
      </input_file>
      <input_file id="fl-22">
         <path>c:\ti\ccsv6\tools\compiler\MSP430_4.3.0B1\lib\</path>
         <kind>archive</kind>
         <file>rts430_eabi.lib</file>
         <name>int02.obj</name>
      </input_file>
      <input_file id="fl-23">
         <path>c:\ti\ccsv6\tools\compiler\MSP430_4.3.0B1\lib\</path>
         <kind>archive</kind>
         <file>rts430_eabi.lib</file>
         <name>int03.obj</name>
      </input_file>
      <input_file id="fl-24">
         <path>c:\ti\ccsv6\tools\compiler\MSP430_4.3.0B1\lib\</path>
         <kind>archive</kind>
         <file>rts430_eabi.lib</file>
         <name>int04.obj</name>
      </input_file>
      <input_file id="fl-25">
         <path>c:\ti\ccsv6\tools\compiler\MSP430_4.3.0B1\lib\</path>
         <kind>archive</kind>
         <file>rts430_eabi.lib</file>
         <name>int08.obj</name>
      </input_file>
      <input_file id="fl-26">
         <path>c:\ti\ccsv6\tools\compiler\MSP430_4.3.0B1\lib\</path>
         <kind>archive</kind>
         <file>rts430_eabi.lib</file>
         <name>int09.obj</name>
      </input_file>
      <input_file id="fl-27">
         <path>c:\ti\ccsv6\tools\compiler\MSP430_4.3.0B1\lib\</path>
         <kind>archive</kind>
         <file>rts430_eabi.lib</file>
         <name>int10.obj</name>
      </input_file>
      <input_file id="fl-28">
         <path>c:\ti\ccsv6\tools\compiler\MSP430_4.3.0B1\lib\</path>
         <kind>archive</kind>
         <file>rts430_eabi.lib</file>
         <name>int14.obj</name>
      </input_file>
      <input_file id="fl-29">
         <path>c:\ti\ccsv6\tools\compiler\MSP430_4.3.0B1\lib\</path>
         <kind>archive</kind>
         <file>rts430_eabi.lib</file>
         <name>isr_trap.obj</name>
      </input_file>
      <input_file id="fl-2a">
         <path>c:\ti\ccsv6\tools\compiler\MSP430_4.3.0B1\lib\</path>
         <kind>archive</kind>
         <file>rts430_eabi.lib</file>
         <name>_lock.obj</name>
      </input_file>
      <input_file id="fl-2b">
         <path>c:\ti\ccsv6\tools\compiler\MSP430_4.3.0B1\lib\</path>
         <kind>archive</kind>
         <file>rts430_eabi.lib</file>
         <name>memcpy.obj</name>
      </input_file>
      <input_file id="fl-2c">
         <path>c:\ti\ccsv6\tools\compiler\MSP430_4.3.0B1\lib\</path>
         <kind>archive</kind>
         <file>rts430_eabi.lib</file>
         <name>pre_init.obj</name>
      </input_file>
      <input_file id="fl-2d">
         <path>c:\ti\ccsv6\tools\compiler\MSP430_4.3.0B1\lib\</path>
         <kind>archive</kind>
         <file>rts430_eabi.lib</file>
         <name>args_main.obj</name>
      </input_file>
      <input_file id="fl-2e">
         <path>c:\ti\ccsv6\tools\compiler\MSP430_4.3.0B1\lib\</path>
         <kind>archive</kind>
         <file>rts430_eabi.lib</file>
         <name>autoinit.obj</name>
      </input_file>
   </input_file_list>
   <object_component_list>
      <object_component id="oc-44">
         <name>.stack</name>
         <uninitialized>true</uninitialized>
         <run_address>0x24c</run_address>
         <size>0x2</size>
         <input_file_ref idref="fl-1c"/>
      </object_component>
      <object_component id="oc-ee">
         <name>.stack</name>
         <uninitialized>true</uninitialized>
         <run_address>0x24c</run_address>
         <size>0x0</size>
      </object_component>
      <object_component id="oc-90">
         <name>.text:tx_send</name>
         <load_address>0xf800</load_address>
         <run_address>0xf800</run_address>
         <size>0x110</size>
         <input_file_ref idref="fl-2"/>
      </object_component>
      <object_component id="oc-73">
         <name>.text:__TI_decompress_rle_core</name>
         <load_address>0xf910</load_address>
         <run_address>0xf910</run_address>
         <size>0x5e</size>
         <input_file_ref idref="fl-1e"/>
      </object_component>
      <object_component id="oc-50">
         <name>.text:_auto_init</name>
         <load_address>0xf96e</load_address>
         <run_address>0xf96e</run_address>
         <size>0x5e</size>
         <input_file_ref idref="fl-2e"/>
      </object_component>
      <object_component id="oc-55">
         <name>.text:main</name>
         <load_address>0xf9cc</load_address>
         <run_address>0xf9cc</run_address>
         <size>0x2a</size>
         <input_file_ref idref="fl-2"/>
      </object_component>
      <object_component id="oc-30">
         <name>.text:_c_int00_noexit</name>
         <load_address>0xf9f6</load_address>
         <run_address>0xf9f6</run_address>
         <size>0x1a</size>
         <input_file_ref idref="fl-1c"/>
      </object_component>
      <object_component id="oc-35">
         <name>.text:decompress:none:__TI_decompress_none</name>
         <load_address>0xfa10</load_address>
         <run_address>0xfa10</run_address>
         <size>0x12</size>
         <input_file_ref idref="fl-1d"/>
      </object_component>
      <object_component id="oc-60">
         <name>.text:memcpy</name>
         <load_address>0xfa22</load_address>
         <run_address>0xfa22</run_address>
         <size>0x12</size>
         <input_file_ref idref="fl-2b"/>
      </object_component>
      <object_component id="oc-88">
         <name>.text</name>
         <load_address>0xfa34</load_address>
         <run_address>0xfa34</run_address>
         <size>0x10</size>
         <input_file_ref idref="fl-20"/>
      </object_component>
      <object_component id="oc-47">
         <name>.text:__TI_ISR_TRAP</name>
         <load_address>0xfa44</load_address>
         <run_address>0xfa44</run_address>
         <size>0x6</size>
         <input_file_ref idref="fl-29"/>
      </object_component>
      <object_component id="oc-3f">
         <name>.text:decompress:rle24:__TI_decompress_rle24</name>
         <load_address>0xfa4a</load_address>
         <run_address>0xfa4a</run_address>
         <size>0x6</size>
         <input_file_ref idref="fl-1e"/>
      </object_component>
      <object_component id="oc-4b">
         <name>.text:_system_pre_init</name>
         <load_address>0xfa50</load_address>
         <run_address>0xfa50</run_address>
         <size>0x4</size>
         <input_file_ref idref="fl-2c"/>
      </object_component>
      <object_component id="oc-5a">
         <name>.text:abort</name>
         <load_address>0xfa54</load_address>
         <run_address>0xfa54</run_address>
         <size>0x4</size>
         <input_file_ref idref="fl-21"/>
      </object_component>
      <object_component id="oc-ed">
         <name>.cinit..data.load</name>
         <load_address>0xfa58</load_address>
         <run_address>0xfa58</run_address>
         <size>0x9</size>
      </object_component>
      <object_component id="oc-eb">
         <name>__TI_handler_table</name>
         <load_address>0xfa62</load_address>
         <run_address>0xfa62</run_address>
         <size>0x4</size>
      </object_component>
      <object_component id="oc-ec">
         <name>__TI_cinit_table</name>
         <load_address>0xfa66</load_address>
         <run_address>0xfa66</run_address>
         <size>0x4</size>
      </object_component>
      <object_component id="oc-29">
         <name>.int02</name>
         <load_address>0xffe4</load_address>
         <run_address>0xffe4</run_address>
         <size>0x2</size>
         <input_file_ref idref="fl-22"/>
      </object_component>
      <object_component id="oc-2a">
         <name>.int03</name>
         <load_address>0xffe6</load_address>
         <run_address>0xffe6</run_address>
         <size>0x2</size>
         <input_file_ref idref="fl-23"/>
      </object_component>
      <object_component id="oc-2b">
         <name>.int04</name>
         <load_address>0xffe8</load_address>
         <run_address>0xffe8</run_address>
         <size>0x2</size>
         <input_file_ref idref="fl-24"/>
      </object_component>
      <object_component id="oc-2c">
         <name>.int08</name>
         <load_address>0xfff0</load_address>
         <run_address>0xfff0</run_address>
         <size>0x2</size>
         <input_file_ref idref="fl-25"/>
      </object_component>
      <object_component id="oc-2d">
         <name>.int09</name>
         <load_address>0xfff2</load_address>
         <run_address>0xfff2</run_address>
         <size>0x2</size>
         <input_file_ref idref="fl-26"/>
      </object_component>
      <object_component id="oc-2e">
         <name>.int10</name>
         <load_address>0xfff4</load_address>
         <run_address>0xfff4</run_address>
         <size>0x2</size>
         <input_file_ref idref="fl-27"/>
      </object_component>
      <object_component id="oc-2f">
         <name>.int14</name>
         <load_address>0xfffc</load_address>
         <run_address>0xfffc</run_address>
         <size>0x2</size>
         <input_file_ref idref="fl-28"/>
      </object_component>
      <object_component id="oc-46">
         <name>.reset</name>
         <load_address>0xfffe</load_address>
         <run_address>0xfffe</run_address>
         <size>0x2</size>
         <input_file_ref idref="fl-1c"/>
      </object_component>
      <object_component id="oc-8e">
         <name>.data</name>
         <load_address>0x200</load_address>
         <run_address>0x200</run_address>
         <size>0x8</size>
         <input_file_ref idref="fl-2"/>
      </object_component>
      <object_component id="oc-31">
         <name>.debug_info</name>
         <load_address>0x0</load_address>
         <run_address>0x0</run_address>
         <size>0x127</size>
         <input_file_ref idref="fl-1c"/>
      </object_component>
      <object_component id="oc-36">
         <name>.debug_info</name>
         <load_address>0x127</load_address>
         <run_address>0x127</run_address>
         <size>0x196</size>
         <input_file_ref idref="fl-1d"/>
      </object_component>
      <object_component id="oc-40">
         <name>.debug_info</name>
         <load_address>0x2bd</load_address>
         <run_address>0x2bd</run_address>
         <size>0x190</size>
         <input_file_ref idref="fl-1e"/>
      </object_component>
      <object_component id="oc-45">
         <name>.debug_info</name>
         <load_address>0x44d</load_address>
         <run_address>0x44d</run_address>
         <size>0xac</size>
         <input_file_ref idref="fl-1c"/>
      </object_component>
      <object_component id="oc-48">
         <name>.debug_info</name>
         <load_address>0x4f9</load_address>
         <run_address>0x4f9</run_address>
         <size>0xc2</size>
         <input_file_ref idref="fl-29"/>
      </object_component>
      <object_component id="oc-4c">
         <name>.debug_info</name>
         <load_address>0x5bb</load_address>
         <run_address>0x5bb</run_address>
         <size>0xff</size>
         <input_file_ref idref="fl-2c"/>
      </object_component>
      <object_component id="oc-51">
         <name>.debug_info</name>
         <load_address>0x6ba</load_address>
         <run_address>0x6ba</run_address>
         <size>0x155</size>
         <input_file_ref idref="fl-2e"/>
      </object_component>
      <object_component id="oc-56">
         <name>.debug_info</name>
         <load_address>0x80f</load_address>
         <run_address>0x80f</run_address>
         <size>0x111</size>
         <input_file_ref idref="fl-2"/>
      </object_component>
      <object_component id="oc-5c">
         <name>.debug_info</name>
         <load_address>0x920</load_address>
         <run_address>0x920</run_address>
         <size>0xce</size>
         <input_file_ref idref="fl-21"/>
      </object_component>
      <object_component id="oc-61">
         <name>.debug_info</name>
         <load_address>0x9ee</load_address>
         <run_address>0x9ee</run_address>
         <size>0x159</size>
         <input_file_ref idref="fl-2b"/>
      </object_component>
      <object_component id="oc-66">
         <name>.debug_info</name>
         <load_address>0xb47</load_address>
         <run_address>0xb47</run_address>
         <size>0x46</size>
         <input_file_ref idref="fl-1d"/>
      </object_component>
      <object_component id="oc-6b">
         <name>.debug_info</name>
         <load_address>0xb8d</load_address>
         <run_address>0xb8d</run_address>
         <size>0x169</size>
         <input_file_ref idref="fl-1d"/>
      </object_component>
      <object_component id="oc-74">
         <name>.debug_info</name>
         <load_address>0xcf6</load_address>
         <run_address>0xcf6</run_address>
         <size>0x1f1</size>
         <input_file_ref idref="fl-1e"/>
      </object_component>
      <object_component id="oc-79">
         <name>.debug_info</name>
         <load_address>0xee7</load_address>
         <run_address>0xee7</run_address>
         <size>0x12b</size>
         <input_file_ref idref="fl-1e"/>
      </object_component>
      <object_component id="oc-7a">
         <name>.debug_info</name>
         <load_address>0x1012</load_address>
         <run_address>0x1012</run_address>
         <size>0x39</size>
         <input_file_ref idref="fl-1e"/>
      </object_component>
      <object_component id="oc-81">
         <name>.debug_info</name>
         <load_address>0x104b</load_address>
         <run_address>0x104b</run_address>
         <size>0x84</size>
         <input_file_ref idref="fl-2"/>
      </object_component>
      <object_component id="oc-89">
         <name>.debug_info</name>
         <load_address>0x10cf</load_address>
         <run_address>0x10cf</run_address>
         <size>0xe1</size>
         <input_file_ref idref="fl-20"/>
      </object_component>
      <object_component id="oc-8d">
         <name>.debug_info</name>
         <load_address>0x11b0</load_address>
         <run_address>0x11b0</run_address>
         <size>0x2bc</size>
         <input_file_ref idref="fl-2e"/>
      </object_component>
      <object_component id="oc-8f">
         <name>.debug_info</name>
         <load_address>0x146c</load_address>
         <run_address>0x146c</run_address>
         <size>0x11c</size>
         <input_file_ref idref="fl-2"/>
      </object_component>
      <object_component id="oc-91">
         <name>.debug_info</name>
         <load_address>0x1588</load_address>
         <run_address>0x1588</run_address>
         <size>0x135</size>
         <input_file_ref idref="fl-2"/>
      </object_component>
      <object_component id="oc-98">
         <name>.debug_info</name>
         <load_address>0x16bd</load_address>
         <run_address>0x16bd</run_address>
         <size>0x129</size>
         <input_file_ref idref="fl-2b"/>
      </object_component>
      <object_component id="oc-99">
         <name>.debug_info</name>
         <load_address>0x17e6</load_address>
         <run_address>0x17e6</run_address>
         <size>0x2c</size>
         <input_file_ref idref="fl-1f"/>
      </object_component>
      <object_component id="oc-9e">
         <name>.debug_info</name>
         <load_address>0x1812</load_address>
         <run_address>0x1812</run_address>
         <size>0x2c</size>
         <input_file_ref idref="fl-1d"/>
      </object_component>
      <object_component id="oc-ad">
         <name>.debug_info</name>
         <load_address>0x183e</load_address>
         <run_address>0x183e</run_address>
         <size>0x39</size>
         <input_file_ref idref="fl-2e"/>
      </object_component>
      <object_component id="oc-ef">
         <name>.debug_info</name>
         <load_address>0x1877</load_address>
         <run_address>0x1877</run_address>
         <size>0xb7</size>
      </object_component>
      <object_component id="oc-32">
         <name>.debug_line</name>
         <load_address>0x0</load_address>
         <run_address>0x0</run_address>
         <size>0x44</size>
         <input_file_ref idref="fl-1c"/>
      </object_component>
      <object_component id="oc-37">
         <name>.debug_line</name>
         <load_address>0x44</load_address>
         <run_address>0x44</run_address>
         <size>0x50</size>
         <input_file_ref idref="fl-1d"/>
      </object_component>
      <object_component id="oc-41">
         <name>.debug_line</name>
         <load_address>0x94</load_address>
         <run_address>0x94</run_address>
         <size>0x49</size>
         <input_file_ref idref="fl-1e"/>
      </object_component>
      <object_component id="oc-49">
         <name>.debug_line</name>
         <load_address>0xdd</load_address>
         <run_address>0xdd</run_address>
         <size>0x3c</size>
         <input_file_ref idref="fl-29"/>
      </object_component>
      <object_component id="oc-4e">
         <name>.debug_line</name>
         <load_address>0x119</load_address>
         <run_address>0x119</run_address>
         <size>0x3e</size>
         <input_file_ref idref="fl-2c"/>
      </object_component>
      <object_component id="oc-52">
         <name>.debug_line</name>
         <load_address>0x157</load_address>
         <run_address>0x157</run_address>
         <size>0x6b</size>
         <input_file_ref idref="fl-2e"/>
      </object_component>
      <object_component id="oc-57">
         <name>.debug_line</name>
         <load_address>0x1c2</load_address>
         <run_address>0x1c2</run_address>
         <size>0x42</size>
         <input_file_ref idref="fl-2"/>
      </object_component>
      <object_component id="oc-5b">
         <name>.debug_line</name>
         <load_address>0x204</load_address>
         <run_address>0x204</run_address>
         <size>0x3a</size>
         <input_file_ref idref="fl-21"/>
      </object_component>
      <object_component id="oc-62">
         <name>.debug_line</name>
         <load_address>0x23e</load_address>
         <run_address>0x23e</run_address>
         <size>0x45</size>
         <input_file_ref idref="fl-2b"/>
      </object_component>
      <object_component id="oc-68">
         <name>.debug_line</name>
         <load_address>0x283</load_address>
         <run_address>0x283</run_address>
         <size>0x3a</size>
         <input_file_ref idref="fl-1d"/>
      </object_component>
      <object_component id="oc-75">
         <name>.debug_line</name>
         <load_address>0x2bd</load_address>
         <run_address>0x2bd</run_address>
         <size>0x81</size>
         <input_file_ref idref="fl-1e"/>
      </object_component>
      <object_component id="oc-7c">
         <name>.debug_line</name>
         <load_address>0x33e</load_address>
         <run_address>0x33e</run_address>
         <size>0x39</size>
         <input_file_ref idref="fl-1e"/>
      </object_component>
      <object_component id="oc-80">
         <name>.debug_line</name>
         <load_address>0x377</load_address>
         <run_address>0x377</run_address>
         <size>0x2a</size>
         <input_file_ref idref="fl-1c"/>
      </object_component>
      <object_component id="oc-83">
         <name>.debug_line</name>
         <load_address>0x3a1</load_address>
         <run_address>0x3a1</run_address>
         <size>0x20</size>
         <input_file_ref idref="fl-2"/>
      </object_component>
      <object_component id="oc-8a">
         <name>.debug_line</name>
         <load_address>0x3c1</load_address>
         <run_address>0x3c1</run_address>
         <size>0x40</size>
         <input_file_ref idref="fl-20"/>
      </object_component>
      <object_component id="oc-92">
         <name>.debug_line</name>
         <load_address>0x401</load_address>
         <run_address>0x401</run_address>
         <size>0xc9</size>
         <input_file_ref idref="fl-2"/>
      </object_component>
      <object_component id="oc-9b">
         <name>.debug_line</name>
         <load_address>0x4ca</load_address>
         <run_address>0x4ca</run_address>
         <size>0x44</size>
         <input_file_ref idref="fl-1f"/>
      </object_component>
      <object_component id="oc-a0">
         <name>.debug_line</name>
         <load_address>0x50e</load_address>
         <run_address>0x50e</run_address>
         <size>0x44</size>
         <input_file_ref idref="fl-1d"/>
      </object_component>
      <object_component id="oc-a4">
         <name>.debug_line</name>
         <load_address>0x552</load_address>
         <run_address>0x552</run_address>
         <size>0x44</size>
         <input_file_ref idref="fl-1d"/>
      </object_component>
      <object_component id="oc-a9">
         <name>.debug_line</name>
         <load_address>0x596</load_address>
         <run_address>0x596</run_address>
         <size>0x20</size>
         <input_file_ref idref="fl-1e"/>
      </object_component>
      <object_component id="oc-ac">
         <name>.debug_line</name>
         <load_address>0x5b6</load_address>
         <run_address>0x5b6</run_address>
         <size>0x2e</size>
         <input_file_ref idref="fl-2e"/>
      </object_component>
      <object_component id="oc-af">
         <name>.debug_line</name>
         <load_address>0x5e4</load_address>
         <run_address>0x5e4</run_address>
         <size>0x2e</size>
         <input_file_ref idref="fl-2e"/>
      </object_component>
      <object_component id="oc-b3">
         <name>.debug_line</name>
         <load_address>0x612</load_address>
         <run_address>0x612</run_address>
         <size>0x2d</size>
         <input_file_ref idref="fl-2"/>
      </object_component>
      <object_component id="oc-b6">
         <name>.debug_line</name>
         <load_address>0x63f</load_address>
         <run_address>0x63f</run_address>
         <size>0x20</size>
         <input_file_ref idref="fl-2b"/>
      </object_component>
      <object_component id="oc-33">
         <name>.debug_frame</name>
         <load_address>0x0</load_address>
         <run_address>0x0</run_address>
         <size>0x42</size>
         <input_file_ref idref="fl-1c"/>
      </object_component>
      <object_component id="oc-38">
         <name>.debug_frame</name>
         <load_address>0x42</load_address>
         <run_address>0x42</run_address>
         <size>0x47</size>
         <input_file_ref idref="fl-1d"/>
      </object_component>
      <object_component id="oc-42">
         <name>.debug_frame</name>
         <load_address>0x89</load_address>
         <run_address>0x89</run_address>
         <size>0x47</size>
         <input_file_ref idref="fl-1e"/>
      </object_component>
      <object_component id="oc-4d">
         <name>.debug_frame</name>
         <load_address>0xd0</load_address>
         <run_address>0xd0</run_address>
         <size>0x47</size>
         <input_file_ref idref="fl-2c"/>
      </object_component>
      <object_component id="oc-53">
         <name>.debug_frame</name>
         <load_address>0x117</load_address>
         <run_address>0x117</run_address>
         <size>0x51</size>
         <input_file_ref idref="fl-2e"/>
      </object_component>
      <object_component id="oc-58">
         <name>.debug_frame</name>
         <load_address>0x168</load_address>
         <run_address>0x168</run_address>
         <size>0x47</size>
         <input_file_ref idref="fl-2"/>
      </object_component>
      <object_component id="oc-5d">
         <name>.debug_frame</name>
         <load_address>0x1af</load_address>
         <run_address>0x1af</run_address>
         <size>0x47</size>
         <input_file_ref idref="fl-21"/>
      </object_component>
      <object_component id="oc-63">
         <name>.debug_frame</name>
         <load_address>0x1f6</load_address>
         <run_address>0x1f6</run_address>
         <size>0x47</size>
         <input_file_ref idref="fl-2b"/>
      </object_component>
      <object_component id="oc-76">
         <name>.debug_frame</name>
         <load_address>0x23d</load_address>
         <run_address>0x23d</run_address>
         <size>0x51</size>
         <input_file_ref idref="fl-1e"/>
      </object_component>
      <object_component id="oc-93">
         <name>.debug_frame</name>
         <load_address>0x28e</load_address>
         <run_address>0x28e</run_address>
         <size>0x48</size>
         <input_file_ref idref="fl-2"/>
      </object_component>
      <object_component id="oc-34">
         <name>.debug_aranges</name>
         <load_address>0x0</load_address>
         <run_address>0x0</run_address>
         <size>0x20</size>
         <input_file_ref idref="fl-1c"/>
      </object_component>
      <object_component id="oc-39">
         <name>.debug_aranges</name>
         <load_address>0x20</load_address>
         <run_address>0x20</run_address>
         <size>0x20</size>
         <input_file_ref idref="fl-1d"/>
      </object_component>
      <object_component id="oc-43">
         <name>.debug_aranges</name>
         <load_address>0x40</load_address>
         <run_address>0x40</run_address>
         <size>0x20</size>
         <input_file_ref idref="fl-1e"/>
      </object_component>
      <object_component id="oc-4a">
         <name>.debug_aranges</name>
         <load_address>0x60</load_address>
         <run_address>0x60</run_address>
         <size>0x20</size>
         <input_file_ref idref="fl-29"/>
      </object_component>
      <object_component id="oc-4f">
         <name>.debug_aranges</name>
         <load_address>0x80</load_address>
         <run_address>0x80</run_address>
         <size>0x20</size>
         <input_file_ref idref="fl-2c"/>
      </object_component>
      <object_component id="oc-54">
         <name>.debug_aranges</name>
         <load_address>0xa0</load_address>
         <run_address>0xa0</run_address>
         <size>0x20</size>
         <input_file_ref idref="fl-2e"/>
      </object_component>
      <object_component id="oc-59">
         <name>.debug_aranges</name>
         <load_address>0xc0</load_address>
         <run_address>0xc0</run_address>
         <size>0x20</size>
         <input_file_ref idref="fl-2"/>
      </object_component>
      <object_component id="oc-5e">
         <name>.debug_aranges</name>
         <load_address>0xe0</load_address>
         <run_address>0xe0</run_address>
         <size>0x20</size>
         <input_file_ref idref="fl-21"/>
      </object_component>
      <object_component id="oc-64">
         <name>.debug_aranges</name>
         <load_address>0x100</load_address>
         <run_address>0x100</run_address>
         <size>0x20</size>
         <input_file_ref idref="fl-2b"/>
      </object_component>
      <object_component id="oc-77">
         <name>.debug_aranges</name>
         <load_address>0x120</load_address>
         <run_address>0x120</run_address>
         <size>0x20</size>
         <input_file_ref idref="fl-1e"/>
      </object_component>
      <object_component id="oc-8b">
         <name>.debug_aranges</name>
         <load_address>0x140</load_address>
         <run_address>0x140</run_address>
         <size>0x20</size>
         <input_file_ref idref="fl-20"/>
      </object_component>
      <object_component id="oc-94">
         <name>.debug_aranges</name>
         <load_address>0x160</load_address>
         <run_address>0x160</run_address>
         <size>0x20</size>
         <input_file_ref idref="fl-2"/>
      </object_component>
      <object_component id="oc-5f">
         <name>.debug_abbrev</name>
         <load_address>0x0</load_address>
         <run_address>0x0</run_address>
         <size>0x58</size>
         <input_file_ref idref="fl-1c"/>
      </object_component>
      <object_component id="oc-65">
         <name>.debug_abbrev</name>
         <load_address>0x58</load_address>
         <run_address>0x58</run_address>
         <size>0x74</size>
         <input_file_ref idref="fl-1d"/>
      </object_component>
      <object_component id="oc-67">
         <name>.debug_abbrev</name>
         <load_address>0xcc</load_address>
         <run_address>0xcc</run_address>
         <size>0x24</size>
         <input_file_ref idref="fl-1d"/>
      </object_component>
      <object_component id="oc-78">
         <name>.debug_abbrev</name>
         <load_address>0xf0</load_address>
         <run_address>0xf0</run_address>
         <size>0x74</size>
         <input_file_ref idref="fl-1e"/>
      </object_component>
      <object_component id="oc-7b">
         <name>.debug_abbrev</name>
         <load_address>0x164</load_address>
         <run_address>0x164</run_address>
         <size>0x24</size>
         <input_file_ref idref="fl-1e"/>
      </object_component>
      <object_component id="oc-7f">
         <name>.debug_abbrev</name>
         <load_address>0x188</load_address>
         <run_address>0x188</run_address>
         <size>0x29</size>
         <input_file_ref idref="fl-1c"/>
      </object_component>
      <object_component id="oc-82">
         <name>.debug_abbrev</name>
         <load_address>0x1b1</load_address>
         <run_address>0x1b1</run_address>
         <size>0x1f</size>
         <input_file_ref idref="fl-2"/>
      </object_component>
      <object_component id="oc-86">
         <name>.debug_abbrev</name>
         <load_address>0x1d0</load_address>
         <run_address>0x1d0</run_address>
         <size>0x27</size>
         <input_file_ref idref="fl-29"/>
      </object_component>
      <object_component id="oc-87">
         <name>.debug_abbrev</name>
         <load_address>0x1f7</load_address>
         <run_address>0x1f7</run_address>
         <size>0x55</size>
         <input_file_ref idref="fl-2c"/>
      </object_component>
      <object_component id="oc-8c">
         <name>.debug_abbrev</name>
         <load_address>0x24c</load_address>
         <run_address>0x24c</run_address>
         <size>0x70</size>
         <input_file_ref idref="fl-2e"/>
      </object_component>
      <object_component id="oc-95">
         <name>.debug_abbrev</name>
         <load_address>0x2bc</load_address>
         <run_address>0x2bc</run_address>
         <size>0x54</size>
         <input_file_ref idref="fl-2"/>
      </object_component>
      <object_component id="oc-96">
         <name>.debug_abbrev</name>
         <load_address>0x310</load_address>
         <run_address>0x310</run_address>
         <size>0x45</size>
         <input_file_ref idref="fl-21"/>
      </object_component>
      <object_component id="oc-97">
         <name>.debug_abbrev</name>
         <load_address>0x355</load_address>
         <run_address>0x355</run_address>
         <size>0x71</size>
         <input_file_ref idref="fl-2b"/>
      </object_component>
      <object_component id="oc-9a">
         <name>.debug_abbrev</name>
         <load_address>0x3c6</load_address>
         <run_address>0x3c6</run_address>
         <size>0x24</size>
         <input_file_ref idref="fl-1f"/>
      </object_component>
      <object_component id="oc-9f">
         <name>.debug_abbrev</name>
         <load_address>0x3ea</load_address>
         <run_address>0x3ea</run_address>
         <size>0x24</size>
         <input_file_ref idref="fl-1d"/>
      </object_component>
      <object_component id="oc-a3">
         <name>.debug_abbrev</name>
         <load_address>0x40e</load_address>
         <run_address>0x40e</run_address>
         <size>0x5d</size>
         <input_file_ref idref="fl-1d"/>
      </object_component>
      <object_component id="oc-a7">
         <name>.debug_abbrev</name>
         <load_address>0x46b</load_address>
         <run_address>0x46b</run_address>
         <size>0x6d</size>
         <input_file_ref idref="fl-1e"/>
      </object_component>
      <object_component id="oc-a8">
         <name>.debug_abbrev</name>
         <load_address>0x4d8</load_address>
         <run_address>0x4d8</run_address>
         <size>0x37</size>
         <input_file_ref idref="fl-1e"/>
      </object_component>
      <object_component id="oc-aa">
         <name>.debug_abbrev</name>
         <load_address>0x50f</load_address>
         <run_address>0x50f</run_address>
         <size>0x39</size>
         <input_file_ref idref="fl-20"/>
      </object_component>
      <object_component id="oc-ab">
         <name>.debug_abbrev</name>
         <load_address>0x548</load_address>
         <run_address>0x548</run_address>
         <size>0x82</size>
         <input_file_ref idref="fl-2e"/>
      </object_component>
      <object_component id="oc-ae">
         <name>.debug_abbrev</name>
         <load_address>0x5ca</load_address>
         <run_address>0x5ca</run_address>
         <size>0x24</size>
         <input_file_ref idref="fl-2e"/>
      </object_component>
      <object_component id="oc-b2">
         <name>.debug_abbrev</name>
         <load_address>0x5ee</load_address>
         <run_address>0x5ee</run_address>
         <size>0x29</size>
         <input_file_ref idref="fl-2"/>
      </object_component>
      <object_component id="oc-b4">
         <name>.debug_abbrev</name>
         <load_address>0x617</load_address>
         <run_address>0x617</run_address>
         <size>0x6c</size>
         <input_file_ref idref="fl-2"/>
      </object_component>
      <object_component id="oc-b5">
         <name>.debug_abbrev</name>
         <load_address>0x683</load_address>
         <run_address>0x683</run_address>
         <size>0x3e</size>
         <input_file_ref idref="fl-2b"/>
      </object_component>
      <object_component id="oc-f0">
         <name>.debug_abbrev</name>
         <load_address>0x6c1</load_address>
         <run_address>0x6c1</run_address>
         <size>0xf</size>
      </object_component>
      <object_component id="oc-69">
         <name>.debug_str</name>
         <load_address>0x0</load_address>
         <run_address>0x0</run_address>
         <size>0xb7</size>
         <input_file_ref idref="fl-1d"/>
      </object_component>
      <object_component id="oc-7d">
         <name>.debug_str</name>
         <load_address>0xb7</load_address>
         <run_address>0xb7</run_address>
         <size>0xa9</size>
         <input_file_ref idref="fl-1e"/>
      </object_component>
      <object_component id="oc-84">
         <name>.debug_str</name>
         <load_address>0x160</load_address>
         <run_address>0x160</run_address>
         <size>0xf7</size>
         <input_file_ref idref="fl-2"/>
      </object_component>
      <object_component id="oc-9c">
         <name>.debug_str</name>
         <load_address>0x257</load_address>
         <run_address>0x257</run_address>
         <size>0x9e</size>
         <input_file_ref idref="fl-1f"/>
      </object_component>
      <object_component id="oc-a1">
         <name>.debug_str</name>
         <load_address>0x2f5</load_address>
         <run_address>0x2f5</run_address>
         <size>0x9e</size>
         <input_file_ref idref="fl-1d"/>
      </object_component>
      <object_component id="oc-b0">
         <name>.debug_str</name>
         <load_address>0x393</load_address>
         <run_address>0x393</run_address>
         <size>0x96</size>
         <input_file_ref idref="fl-2e"/>
      </object_component>
      <object_component id="oc-6a">
         <name>.debug_pubtypes</name>
         <load_address>0x0</load_address>
         <run_address>0x0</run_address>
         <size>0x48</size>
         <input_file_ref idref="fl-1d"/>
      </object_component>
      <object_component id="oc-7e">
         <name>.debug_pubtypes</name>
         <load_address>0x48</load_address>
         <run_address>0x48</run_address>
         <size>0x37</size>
         <input_file_ref idref="fl-1e"/>
      </object_component>
      <object_component id="oc-85">
         <name>.debug_pubtypes</name>
         <load_address>0x7f</load_address>
         <run_address>0x7f</run_address>
         <size>0xed</size>
         <input_file_ref idref="fl-2"/>
      </object_component>
      <object_component id="oc-9d">
         <name>.debug_pubtypes</name>
         <load_address>0x16c</load_address>
         <run_address>0x16c</run_address>
         <size>0x1d</size>
         <input_file_ref idref="fl-1f"/>
      </object_component>
      <object_component id="oc-a2">
         <name>.debug_pubtypes</name>
         <load_address>0x189</load_address>
         <run_address>0x189</run_address>
         <size>0x1d</size>
         <input_file_ref idref="fl-1d"/>
      </object_component>
      <object_component id="oc-b1">
         <name>.debug_pubtypes</name>
         <load_address>0x1a6</load_address>
         <run_address>0x1a6</run_address>
         <size>0x2f</size>
         <input_file_ref idref="fl-2e"/>
      </object_component>
   </object_component_list>
   <logical_group_list>
      <logical_group id="lg-4" display="no" color="cyan">
         <name>.sysmem</name>
         <run_address>0x0</run_address>
         <size>0x0</size>
         <contents>
         </contents>
      </logical_group>
      <logical_group id="lg-5" display="no" color="cyan">
         <name>.stack</name>
         <run_address>0x24c</run_address>
         <size>0x32</size>
         <contents>
            <object_component_ref idref="oc-44"/>
            <object_component_ref idref="oc-ee"/>
         </contents>
      </logical_group>
      <logical_group id="lg-6" display="no" color="cyan">
         <name>.text</name>
         <load_address>0xf800</load_address>
         <run_address>0xf800</run_address>
         <size>0x258</size>
         <contents>
            <object_component_ref idref="oc-90"/>
            <object_component_ref idref="oc-73"/>
            <object_component_ref idref="oc-50"/>
            <object_component_ref idref="oc-55"/>
            <object_component_ref idref="oc-30"/>
            <object_component_ref idref="oc-35"/>
            <object_component_ref idref="oc-60"/>
            <object_component_ref idref="oc-88"/>
            <object_component_ref idref="oc-47"/>
            <object_component_ref idref="oc-3f"/>
            <object_component_ref idref="oc-4b"/>
            <object_component_ref idref="oc-5a"/>
         </contents>
      </logical_group>
      <logical_group id="lg-7" display="no" color="cyan">
         <name>.cinit</name>
         <load_address>0xfa58</load_address>
         <run_address>0xfa58</run_address>
         <size>0x12</size>
         <contents>
            <object_component_ref idref="oc-ed"/>
            <object_component_ref idref="oc-eb"/>
            <object_component_ref idref="oc-ec"/>
         </contents>
      </logical_group>
      <logical_group id="lg-8" display="no" color="cyan">
         <name>.const</name>
         <run_address>0x0</run_address>
         <size>0x0</size>
         <contents>
         </contents>
      </logical_group>
      <logical_group id="lg-9" display="no" color="cyan">
         <name>.cio</name>
         <run_address>0x0</run_address>
         <size>0x0</size>
         <contents>
         </contents>
      </logical_group>
      <logical_group id="lg-a" display="no" color="cyan">
         <name>.pinit</name>
         <run_address>0x0</run_address>
         <size>0x0</size>
         <contents>
         </contents>
      </logical_group>
      <logical_group id="lg-b" display="no" color="cyan">
         <name>.init_array</name>
         <run_address>0x0</run_address>
         <size>0x0</size>
         <contents>
         </contents>
      </logical_group>
      <logical_group id="lg-c" display="no" color="cyan">
         <name>.mspabi.exidx</name>
         <run_address>0x0</run_address>
         <size>0x0</size>
         <contents>
         </contents>
      </logical_group>
      <logical_group id="lg-d" display="no" color="cyan">
         <name>.mspabi.extab</name>
         <run_address>0x0</run_address>
         <size>0x0</size>
         <contents>
         </contents>
      </logical_group>
      <logical_group id="lg-e" display="no" color="cyan">
         <name>.infoA</name>
         <run_address>0x0</run_address>
         <size>0x0</size>
         <contents>
         </contents>
      </logical_group>
      <logical_group id="lg-f" display="no" color="cyan">
         <name>.infoB</name>
         <run_address>0x0</run_address>
         <size>0x0</size>
         <contents>
         </contents>
      </logical_group>
      <logical_group id="lg-10" display="no" color="cyan">
         <name>.infoC</name>
         <run_address>0x0</run_address>
         <size>0x0</size>
         <contents>
         </contents>
      </logical_group>
      <logical_group id="lg-11" display="no" color="cyan">
         <name>.infoD</name>
         <run_address>0x0</run_address>
         <size>0x0</size>
         <contents>
         </contents>
      </logical_group>
      <logical_group id="lg-12" display="no" color="cyan">
         <name>.int00</name>
         <run_address>0x0</run_address>
         <size>0x0</size>
         <contents>
         </contents>
      </logical_group>
      <logical_group id="lg-13" display="no" color="cyan">
         <name>.int01</name>
         <run_address>0x0</run_address>
         <size>0x0</size>
         <contents>
         </contents>
      </logical_group>
      <logical_group id="lg-14" display="no" color="cyan">
         <name>PORT1</name>
         <load_address>0xffe4</load_address>
         <run_address>0xffe4</run_address>
         <size>0x2</size>
         <contents>
            <object_component_ref idref="oc-29"/>
         </contents>
      </logical_group>
      <logical_group id="lg-16" display="no" color="cyan">
         <name>PORT2</name>
         <load_address>0xffe6</load_address>
         <run_address>0xffe6</run_address>
         <size>0x2</size>
         <contents>
            <object_component_ref idref="oc-2a"/>
         </contents>
      </logical_group>
      <logical_group id="lg-18" display="no" color="cyan">
         <name>USI</name>
         <load_address>0xffe8</load_address>
         <run_address>0xffe8</run_address>
         <size>0x2</size>
         <contents>
            <object_component_ref idref="oc-2b"/>
         </contents>
      </logical_group>
      <logical_group id="lg-1a" display="no" color="cyan">
         <name>.int05</name>
         <run_address>0x0</run_address>
         <size>0x0</size>
         <contents>
         </contents>
      </logical_group>
      <logical_group id="lg-1b" display="no" color="cyan">
         <name>.int06</name>
         <run_address>0x0</run_address>
         <size>0x0</size>
         <contents>
         </contents>
      </logical_group>
      <logical_group id="lg-1c" display="no" color="cyan">
         <name>.int07</name>
         <run_address>0x0</run_address>
         <size>0x0</size>
         <contents>
         </contents>
      </logical_group>
      <logical_group id="lg-1d" display="no" color="cyan">
         <name>TIMERA1</name>
         <load_address>0xfff0</load_address>
         <run_address>0xfff0</run_address>
         <size>0x2</size>
         <contents>
            <object_component_ref idref="oc-2c"/>
         </contents>
      </logical_group>
      <logical_group id="lg-1f" display="no" color="cyan">
         <name>TIMERA0</name>
         <load_address>0xfff2</load_address>
         <run_address>0xfff2</run_address>
         <size>0x2</size>
         <contents>
            <object_component_ref idref="oc-2d"/>
         </contents>
      </logical_group>
      <logical_group id="lg-21" display="no" color="cyan">
         <name>WDT</name>
         <load_address>0xfff4</load_address>
         <run_address>0xfff4</run_address>
         <size>0x2</size>
         <contents>
            <object_component_ref idref="oc-2e"/>
         </contents>
      </logical_group>
      <logical_group id="lg-23" display="no" color="cyan">
         <name>.int11</name>
         <run_address>0x0</run_address>
         <size>0x0</size>
         <contents>
         </contents>
      </logical_group>
      <logical_group id="lg-24" display="no" color="cyan">
         <name>.int12</name>
         <run_address>0x0</run_address>
         <size>0x0</size>
         <contents>
         </contents>
      </logical_group>
      <logical_group id="lg-25" display="no" color="cyan">
         <name>.int13</name>
         <run_address>0x0</run_address>
         <size>0x0</size>
         <contents>
         </contents>
      </logical_group>
      <logical_group id="lg-26" display="no" color="cyan">
         <name>NMI</name>
         <load_address>0xfffc</load_address>
         <run_address>0xfffc</run_address>
         <size>0x2</size>
         <contents>
            <object_component_ref idref="oc-2f"/>
         </contents>
      </logical_group>
      <logical_group id="lg-28" display="no" color="cyan">
         <name>.reset</name>
         <load_address>0xfffe</load_address>
         <run_address>0xfffe</run_address>
         <size>0x2</size>
         <contents>
            <object_component_ref idref="oc-46"/>
         </contents>
      </logical_group>
      <logical_group id="lg-b8" display="no" color="cyan">
         <name>.TI.noinit</name>
         <run_address>0x0</run_address>
         <size>0x0</size>
         <contents>
         </contents>
      </logical_group>
      <logical_group id="lg-2" display="no" color="cyan">
         <name>.bss</name>
         <run_address>0x0</run_address>
         <size>0x0</size>
         <contents>
         </contents>
      </logical_group>
      <logical_group id="lg-b7" display="no" color="cyan">
         <name>BSS_GROUP</name>
         <run_address>0x0</run_address>
         <size>0x0</size>
         <contents>
            <logical_group_ref idref="lg-b8"/>
            <logical_group_ref idref="lg-2"/>
         </contents>
      </logical_group>
      <logical_group id="lg-ba" display="no" color="cyan">
         <name>.TI.persistent</name>
         <run_address>0x200</run_address>
         <size>0x0</size>
         <contents>
         </contents>
      </logical_group>
      <logical_group id="lg-3" display="no" color="cyan">
         <name>.data</name>
         <run_address>0x200</run_address>
         <size>0x8</size>
         <contents>
            <object_component_ref idref="oc-8e"/>
         </contents>
      </logical_group>
      <logical_group id="lg-b9" display="no" color="cyan">
         <name>DATA_GROUP</name>
         <load_address>0x200</load_address>
         <run_address>0x200</run_address>
         <size>0x8</size>
         <contents>
            <logical_group_ref idref="lg-ba"/>
            <logical_group_ref idref="lg-3"/>
         </contents>
      </logical_group>
      <logical_group id="lg-dd" display="never" color="cyan">
         <name>.debug_info</name>
         <load_address>0x0</load_address>
         <run_address>0x0</run_address>
         <size>0x192e</size>
         <contents>
            <object_component_ref idref="oc-31"/>
            <object_component_ref idref="oc-36"/>
            <object_component_ref idref="oc-40"/>
            <object_component_ref idref="oc-45"/>
            <object_component_ref idref="oc-48"/>
            <object_component_ref idref="oc-4c"/>
            <object_component_ref idref="oc-51"/>
            <object_component_ref idref="oc-56"/>
            <object_component_ref idref="oc-5c"/>
            <object_component_ref idref="oc-61"/>
            <object_component_ref idref="oc-66"/>
            <object_component_ref idref="oc-6b"/>
            <object_component_ref idref="oc-74"/>
            <object_component_ref idref="oc-79"/>
            <object_component_ref idref="oc-7a"/>
            <object_component_ref idref="oc-81"/>
            <object_component_ref idref="oc-89"/>
            <object_component_ref idref="oc-8d"/>
            <object_component_ref idref="oc-8f"/>
            <object_component_ref idref="oc-91"/>
            <object_component_ref idref="oc-98"/>
            <object_component_ref idref="oc-99"/>
            <object_component_ref idref="oc-9e"/>
            <object_component_ref idref="oc-ad"/>
            <object_component_ref idref="oc-ef"/>
         </contents>
      </logical_group>
      <logical_group id="lg-df" display="never" color="cyan">
         <name>.debug_line</name>
         <load_address>0x0</load_address>
         <run_address>0x0</run_address>
         <size>0x65f</size>
         <contents>
            <object_component_ref idref="oc-32"/>
            <object_component_ref idref="oc-37"/>
            <object_component_ref idref="oc-41"/>
            <object_component_ref idref="oc-49"/>
            <object_component_ref idref="oc-4e"/>
            <object_component_ref idref="oc-52"/>
            <object_component_ref idref="oc-57"/>
            <object_component_ref idref="oc-5b"/>
            <object_component_ref idref="oc-62"/>
            <object_component_ref idref="oc-68"/>
            <object_component_ref idref="oc-75"/>
            <object_component_ref idref="oc-7c"/>
            <object_component_ref idref="oc-80"/>
            <object_component_ref idref="oc-83"/>
            <object_component_ref idref="oc-8a"/>
            <object_component_ref idref="oc-92"/>
            <object_component_ref idref="oc-9b"/>
            <object_component_ref idref="oc-a0"/>
            <object_component_ref idref="oc-a4"/>
            <object_component_ref idref="oc-a9"/>
            <object_component_ref idref="oc-ac"/>
            <object_component_ref idref="oc-af"/>
            <object_component_ref idref="oc-b3"/>
            <object_component_ref idref="oc-b6"/>
         </contents>
      </logical_group>
      <logical_group id="lg-e1" display="never" color="cyan">
         <name>.debug_frame</name>
         <load_address>0x0</load_address>
         <run_address>0x0</run_address>
         <size>0x2d6</size>
         <contents>
            <object_component_ref idref="oc-33"/>
            <object_component_ref idref="oc-38"/>
            <object_component_ref idref="oc-42"/>
            <object_component_ref idref="oc-4d"/>
            <object_component_ref idref="oc-53"/>
            <object_component_ref idref="oc-58"/>
            <object_component_ref idref="oc-5d"/>
            <object_component_ref idref="oc-63"/>
            <object_component_ref idref="oc-76"/>
            <object_component_ref idref="oc-93"/>
         </contents>
      </logical_group>
      <logical_group id="lg-e3" display="never" color="cyan">
         <name>.debug_aranges</name>
         <load_address>0x0</load_address>
         <run_address>0x0</run_address>
         <size>0x180</size>
         <contents>
            <object_component_ref idref="oc-34"/>
            <object_component_ref idref="oc-39"/>
            <object_component_ref idref="oc-43"/>
            <object_component_ref idref="oc-4a"/>
            <object_component_ref idref="oc-4f"/>
            <object_component_ref idref="oc-54"/>
            <object_component_ref idref="oc-59"/>
            <object_component_ref idref="oc-5e"/>
            <object_component_ref idref="oc-64"/>
            <object_component_ref idref="oc-77"/>
            <object_component_ref idref="oc-8b"/>
            <object_component_ref idref="oc-94"/>
         </contents>
      </logical_group>
      <logical_group id="lg-e5" display="never" color="cyan">
         <name>.debug_abbrev</name>
         <load_address>0x0</load_address>
         <run_address>0x0</run_address>
         <size>0x6d0</size>
         <contents>
            <object_component_ref idref="oc-5f"/>
            <object_component_ref idref="oc-65"/>
            <object_component_ref idref="oc-67"/>
            <object_component_ref idref="oc-78"/>
            <object_component_ref idref="oc-7b"/>
            <object_component_ref idref="oc-7f"/>
            <object_component_ref idref="oc-82"/>
            <object_component_ref idref="oc-86"/>
            <object_component_ref idref="oc-87"/>
            <object_component_ref idref="oc-8c"/>
            <object_component_ref idref="oc-95"/>
            <object_component_ref idref="oc-96"/>
            <object_component_ref idref="oc-97"/>
            <object_component_ref idref="oc-9a"/>
            <object_component_ref idref="oc-9f"/>
            <object_component_ref idref="oc-a3"/>
            <object_component_ref idref="oc-a7"/>
            <object_component_ref idref="oc-a8"/>
            <object_component_ref idref="oc-aa"/>
            <object_component_ref idref="oc-ab"/>
            <object_component_ref idref="oc-ae"/>
            <object_component_ref idref="oc-b2"/>
            <object_component_ref idref="oc-b4"/>
            <object_component_ref idref="oc-b5"/>
            <object_component_ref idref="oc-f0"/>
         </contents>
      </logical_group>
      <logical_group id="lg-e7" display="never" color="cyan">
         <name>.debug_str</name>
         <load_address>0x0</load_address>
         <run_address>0x0</run_address>
         <size>0x429</size>
         <contents>
            <object_component_ref idref="oc-69"/>
            <object_component_ref idref="oc-7d"/>
            <object_component_ref idref="oc-84"/>
            <object_component_ref idref="oc-9c"/>
            <object_component_ref idref="oc-a1"/>
            <object_component_ref idref="oc-b0"/>
         </contents>
      </logical_group>
      <logical_group id="lg-e9" display="never" color="cyan">
         <name>.debug_pubtypes</name>
         <load_address>0x0</load_address>
         <run_address>0x0</run_address>
         <size>0x1d5</size>
         <contents>
            <object_component_ref idref="oc-6a"/>
            <object_component_ref idref="oc-7e"/>
            <object_component_ref idref="oc-85"/>
            <object_component_ref idref="oc-9d"/>
            <object_component_ref idref="oc-a2"/>
            <object_component_ref idref="oc-b1"/>
         </contents>
      </logical_group>
      <load_segment id="lg-f2" display="no" color="cyan">
         <name>SEGMENT_0</name>
         <run_address>0x200</run_address>
         <size>0x8</size>
         <flags>0x6</flags>
         <contents>
            <logical_group_ref idref="lg-3"/>
         </contents>
      </load_segment>
      <load_segment id="lg-f3" display="no" color="cyan">
         <name>SEGMENT_1</name>
         <run_address>0x24c</run_address>
         <size>0x32</size>
         <flags>0x6</flags>
         <contents>
            <logical_group_ref idref="lg-5"/>
         </contents>
      </load_segment>
      <load_segment id="lg-f4" display="no" color="cyan">
         <name>SEGMENT_2</name>
         <load_address>0xf800</load_address>
         <run_address>0xf800</run_address>
         <size>0x26a</size>
         <flags>0x5</flags>
         <contents>
            <logical_group_ref idref="lg-6"/>
            <logical_group_ref idref="lg-7"/>
         </contents>
      </load_segment>
      <load_segment id="lg-f5" display="no" color="cyan">
         <name>SEGMENT_3</name>
         <load_address>0xffe4</load_address>
         <run_address>0xffe4</run_address>
         <size>0x6</size>
         <flags>0x4</flags>
         <contents>
            <logical_group_ref idref="lg-14"/>
            <logical_group_ref idref="lg-16"/>
            <logical_group_ref idref="lg-18"/>
         </contents>
      </load_segment>
      <load_segment id="lg-f6" display="no" color="cyan">
         <name>SEGMENT_4</name>
         <load_address>0xfff0</load_address>
         <run_address>0xfff0</run_address>
         <size>0x6</size>
         <flags>0x4</flags>
         <contents>
            <logical_group_ref idref="lg-1d"/>
            <logical_group_ref idref="lg-1f"/>
            <logical_group_ref idref="lg-21"/>
         </contents>
      </load_segment>
      <load_segment id="lg-f7" display="no" color="cyan">
         <name>SEGMENT_5</name>
         <load_address>0xfffc</load_address>
         <run_address>0xfffc</run_address>
         <size>0x4</size>
         <flags>0x4</flags>
         <contents>
            <logical_group_ref idref="lg-26"/>
            <logical_group_ref idref="lg-28"/>
         </contents>
      </load_segment>
   </logical_group_list>
   <placement_map>
      <memory_area display="no" color="green">
         <name>SFR</name>
         <page_id>0x0</page_id>
         <origin>0x0</origin>
         <length>0x10</length>
         <used_space>0x0</used_space>
         <unused_space>0x10</unused_space>
         <attributes>RWIX</attributes>
         <usage_details>
         </usage_details>
      </memory_area>
      <memory_area display="yes" color="green">
         <name>PERIPHERALS_8BIT</name>
         <page_id>0x0</page_id>
         <origin>0x10</origin>
         <length>0xf0</length>
         <used_space>0x0</used_space>
         <unused_space>0xf0</unused_space>
         <attributes>RWIX</attributes>
         <usage_details>
         </usage_details>
      </memory_area>
      <memory_area display="yes" color="green">
         <name>PERIPHERALS_16BIT</name>
         <page_id>0x0</page_id>
         <origin>0x100</origin>
         <length>0x100</length>
         <used_space>0x0</used_space>
         <unused_space>0x100</unused_space>
         <attributes>RWIX</attributes>
         <usage_details>
         </usage_details>
      </memory_area>
      <memory_area display="yes" color="green">
         <name>RAM</name>
         <page_id>0x0</page_id>
         <origin>0x200</origin>
         <length>0x80</length>
         <used_space>0x3a</used_space>
         <unused_space>0x46</unused_space>
         <attributes>RWIX</attributes>
         <usage_details>
            <allocated_space>
               <start_address>0x200</start_address>
               <size>0x8</size>
               <logical_group_ref idref="lg-b9"/>
            </allocated_space>
            <available_space>
               <start_address>0x208</start_address>
               <size>0x44</size>
            </available_space>
            <allocated_space>
               <start_address>0x24c</start_address>
               <size>0x32</size>
               <logical_group_ref idref="lg-5"/>
            </allocated_space>
            <available_space>
               <start_address>0x27e</start_address>
               <size>0x2</size>
            </available_space>
         </usage_details>
      </memory_area>
      <memory_area display="no" color="green">
         <name>INFOD</name>
         <page_id>0x0</page_id>
         <origin>0x1000</origin>
         <length>0x40</length>
         <used_space>0x0</used_space>
         <unused_space>0x40</unused_space>
         <attributes>RWIX</attributes>
         <usage_details>
         </usage_details>
      </memory_area>
      <memory_area display="no" color="green">
         <name>INFOC</name>
         <page_id>0x0</page_id>
         <origin>0x1040</origin>
         <length>0x40</length>
         <used_space>0x0</used_space>
         <unused_space>0x40</unused_space>
         <attributes>RWIX</attributes>
         <usage_details>
         </usage_details>
      </memory_area>
      <memory_area display="no" color="green">
         <name>INFOB</name>
         <page_id>0x0</page_id>
         <origin>0x1080</origin>
         <length>0x40</length>
         <used_space>0x0</used_space>
         <unused_space>0x40</unused_space>
         <attributes>RWIX</attributes>
         <usage_details>
         </usage_details>
      </memory_area>
      <memory_area display="no" color="green">
         <name>INFOA</name>
         <page_id>0x0</page_id>
         <origin>0x10c0</origin>
         <length>0x40</length>
         <used_space>0x0</used_space>
         <unused_space>0x40</unused_space>
         <attributes>RWIX</attributes>
         <usage_details>
         </usage_details>
      </memory_area>
      <memory_area display="yes" color="green">
         <name>FLASH</name>
         <page_id>0x0</page_id>
         <origin>0xf800</origin>
         <length>0x7e0</length>
         <used_space>0x26a</used_space>
         <unused_space>0x576</unused_space>
         <attributes>RWIX</attributes>
         <usage_details>
            <allocated_space>
               <start_address>0xf800</start_address>
               <size>0x258</size>
               <logical_group_ref idref="lg-6"/>
            </allocated_space>
            <allocated_space>
               <start_address>0xfa58</start_address>
               <size>0x12</size>
               <logical_group_ref idref="lg-7"/>
            </allocated_space>
            <available_space>
               <start_address>0xfa6a</start_address>
               <size>0x576</size>
            </available_space>
         </usage_details>
      </memory_area>
      <memory_area display="no" color="green">
         <name>INT00</name>
         <page_id>0x0</page_id>
         <origin>0xffe0</origin>
         <length>0x2</length>
         <used_space>0x0</used_space>
         <unused_space>0x2</unused_space>
         <attributes>RWIX</attributes>
         <usage_details>
         </usage_details>
      </memory_area>
      <memory_area display="no" color="green">
         <name>INT01</name>
         <page_id>0x0</page_id>
         <origin>0xffe2</origin>
         <length>0x2</length>
         <used_space>0x0</used_space>
         <unused_space>0x2</unused_space>
         <attributes>RWIX</attributes>
         <usage_details>
         </usage_details>
      </memory_area>
      <memory_area display="no" color="green">
         <name>INT02</name>
         <page_id>0x0</page_id>
         <origin>0xffe4</origin>
         <length>0x2</length>
         <used_space>0x2</used_space>
         <unused_space>0x0</unused_space>
         <attributes>RWIX</attributes>
         <usage_details>
            <allocated_space>
               <start_address>0xffe4</start_address>
               <size>0x2</size>
               <logical_group_ref idref="lg-14"/>
            </allocated_space>
         </usage_details>
      </memory_area>
      <memory_area display="no" color="green">
         <name>INT03</name>
         <page_id>0x0</page_id>
         <origin>0xffe6</origin>
         <length>0x2</length>
         <used_space>0x2</used_space>
         <unused_space>0x0</unused_space>
         <attributes>RWIX</attributes>
         <usage_details>
            <allocated_space>
               <start_address>0xffe6</start_address>
               <size>0x2</size>
               <logical_group_ref idref="lg-16"/>
            </allocated_space>
         </usage_details>
      </memory_area>
      <memory_area display="no" color="green">
         <name>INT04</name>
         <page_id>0x0</page_id>
         <origin>0xffe8</origin>
         <length>0x2</length>
         <used_space>0x2</used_space>
         <unused_space>0x0</unused_space>
         <attributes>RWIX</attributes>
         <usage_details>
            <allocated_space>
               <start_address>0xffe8</start_address>
               <size>0x2</size>
               <logical_group_ref idref="lg-18"/>
            </allocated_space>
         </usage_details>
      </memory_area>
      <memory_area display="no" color="green">
         <name>INT05</name>
         <page_id>0x0</page_id>
         <origin>0xffea</origin>
         <length>0x2</length>
         <used_space>0x0</used_space>
         <unused_space>0x2</unused_space>
         <attributes>RWIX</attributes>
         <usage_details>
         </usage_details>
      </memory_area>
      <memory_area display="no" color="green">
         <name>INT06</name>
         <page_id>0x0</page_id>
         <origin>0xffec</origin>
         <length>0x2</length>
         <used_space>0x0</used_space>
         <unused_space>0x2</unused_space>
         <attributes>RWIX</attributes>
         <usage_details>
         </usage_details>
      </memory_area>
      <memory_area display="no" color="green">
         <name>INT07</name>
         <page_id>0x0</page_id>
         <origin>0xffee</origin>
         <length>0x2</length>
         <used_space>0x0</used_space>
         <unused_space>0x2</unused_space>
         <attributes>RWIX</attributes>
         <usage_details>
         </usage_details>
      </memory_area>
      <memory_area display="no" color="green">
         <name>INT08</name>
         <page_id>0x0</page_id>
         <origin>0xfff0</origin>
         <length>0x2</length>
         <used_space>0x2</used_space>
         <unused_space>0x0</unused_space>
         <attributes>RWIX</attributes>
         <usage_details>
            <allocated_space>
               <start_address>0xfff0</start_address>
               <size>0x2</size>
               <logical_group_ref idref="lg-1d"/>
            </allocated_space>
         </usage_details>
      </memory_area>
      <memory_area display="no" color="green">
         <name>INT09</name>
         <page_id>0x0</page_id>
         <origin>0xfff2</origin>
         <length>0x2</length>
         <used_space>0x2</used_space>
         <unused_space>0x0</unused_space>
         <attributes>RWIX</attributes>
         <usage_details>
            <allocated_space>
               <start_address>0xfff2</start_address>
               <size>0x2</size>
               <logical_group_ref idref="lg-1f"/>
            </allocated_space>
         </usage_details>
      </memory_area>
      <memory_area display="no" color="green">
         <name>INT10</name>
         <page_id>0x0</page_id>
         <origin>0xfff4</origin>
         <length>0x2</length>
         <used_space>0x2</used_space>
         <unused_space>0x0</unused_space>
         <attributes>RWIX</attributes>
         <usage_details>
            <allocated_space>
               <start_address>0xfff4</start_address>
               <size>0x2</size>
               <logical_group_ref idref="lg-21"/>
            </allocated_space>
         </usage_details>
      </memory_area>
      <memory_area display="no" color="green">
         <name>INT11</name>
         <page_id>0x0</page_id>
         <origin>0xfff6</origin>
         <length>0x2</length>
         <used_space>0x0</used_space>
         <unused_space>0x2</unused_space>
         <attributes>RWIX</attributes>
         <usage_details>
         </usage_details>
      </memory_area>
      <memory_area display="no" color="green">
         <name>INT12</name>
         <page_id>0x0</page_id>
         <origin>0xfff8</origin>
         <length>0x2</length>
         <used_space>0x0</used_space>
         <unused_space>0x2</unused_space>
         <attributes>RWIX</attributes>
         <usage_details>
         </usage_details>
      </memory_area>
      <memory_area display="no" color="green">
         <name>INT13</name>
         <page_id>0x0</page_id>
         <origin>0xfffa</origin>
         <length>0x2</length>
         <used_space>0x0</used_space>
         <unused_space>0x2</unused_space>
         <attributes>RWIX</attributes>
         <usage_details>
         </usage_details>
      </memory_area>
      <memory_area display="no" color="green">
         <name>INT14</name>
         <page_id>0x0</page_id>
         <origin>0xfffc</origin>
         <length>0x2</length>
         <used_space>0x2</used_space>
         <unused_space>0x0</unused_space>
         <attributes>RWIX</attributes>
         <usage_details>
            <allocated_space>
               <start_address>0xfffc</start_address>
               <size>0x2</size>
               <logical_group_ref idref="lg-26"/>
            </allocated_space>
         </usage_details>
      </memory_area>
      <memory_area display="no" color="green">
         <name>RESET</name>
         <page_id>0x0</page_id>
         <origin>0xfffe</origin>
         <length>0x2</length>
         <used_space>0x2</used_space>
         <unused_space>0x0</unused_space>
         <attributes>RWIX</attributes>
         <usage_details>
            <allocated_space>
               <start_address>0xfffe</start_address>
               <size>0x2</size>
               <logical_group_ref idref="lg-28"/>
            </allocated_space>
         </usage_details>
      </memory_area>
   </placement_map>
   <cptbl_list>
      <cptbl>
         <name>__TI_cinit_table</name>
         <cprec>
            <name>.data</name>
            <load_address>0xfa58</load_address>
            <load_size>0x9</load_size>
            <run_address>0x200</run_address>
            <run_size>0x8</run_size>
            <compression>rle</compression>
         </cprec>
      </cptbl>
   </cptbl_list>
   <handler_table>
      <handler_table_name>__TI_handler_table</handler_table_name>
      <handler>
         <index>0x0</index>
         <name>__TI_decompress_rle24</name>
      </handler>
      <handler>
         <index>0x1</index>
         <name>__TI_decompress_none</name>
      </handler>
   </handler_table>
   <symbol_table>
      <symbol id="sm-1">
         <name>IE1</name>
         <value>0x0</value>
      </symbol>
      <symbol id="sm-2">
         <name>IFG1</name>
         <value>0x2</value>
      </symbol>
      <symbol id="sm-3">
         <name>DCOCTL</name>
         <value>0x56</value>
      </symbol>
      <symbol id="sm-4">
         <name>BCSCTL1</name>
         <value>0x57</value>
      </symbol>
      <symbol id="sm-5">
         <name>BCSCTL2</name>
         <value>0x58</value>
      </symbol>
      <symbol id="sm-6">
         <name>BCSCTL3</name>
         <value>0x53</value>
      </symbol>
      <symbol id="sm-7">
         <name>FCTL1</name>
         <value>0x128</value>
      </symbol>
      <symbol id="sm-8">
         <name>FCTL2</name>
         <value>0x12a</value>
      </symbol>
      <symbol id="sm-9">
         <name>FCTL3</name>
         <value>0x12c</value>
      </symbol>
      <symbol id="sm-a">
         <name>P1IN</name>
         <value>0x20</value>
      </symbol>
      <symbol id="sm-b">
         <name>P1OUT</name>
         <value>0x21</value>
      </symbol>
      <symbol id="sm-c">
         <name>P1DIR</name>
         <value>0x22</value>
      </symbol>
      <symbol id="sm-d">
         <name>P1IFG</name>
         <value>0x23</value>
      </symbol>
      <symbol id="sm-e">
         <name>P1IES</name>
         <value>0x24</value>
      </symbol>
      <symbol id="sm-f">
         <name>P1IE</name>
         <value>0x25</value>
      </symbol>
      <symbol id="sm-10">
         <name>P1SEL</name>
         <value>0x26</value>
      </symbol>
      <symbol id="sm-11">
         <name>P1REN</name>
         <value>0x27</value>
      </symbol>
      <symbol id="sm-12">
         <name>P2IN</name>
         <value>0x28</value>
      </symbol>
      <symbol id="sm-13">
         <name>P2OUT</name>
         <value>0x29</value>
      </symbol>
      <symbol id="sm-14">
         <name>P2DIR</name>
         <value>0x2a</value>
      </symbol>
      <symbol id="sm-15">
         <name>P2IFG</name>
         <value>0x2b</value>
      </symbol>
      <symbol id="sm-16">
         <name>P2IES</name>
         <value>0x2c</value>
      </symbol>
      <symbol id="sm-17">
         <name>P2IE</name>
         <value>0x2d</value>
      </symbol>
      <symbol id="sm-18">
         <name>P2SEL</name>
         <value>0x2e</value>
      </symbol>
      <symbol id="sm-19">
         <name>P2REN</name>
         <value>0x2f</value>
      </symbol>
      <symbol id="sm-1a">
         <name>TAIV</name>
         <value>0x12e</value>
      </symbol>
      <symbol id="sm-1b">
         <name>TACTL</name>
         <value>0x160</value>
      </symbol>
      <symbol id="sm-1c">
         <name>TACCTL0</name>
         <value>0x162</value>
      </symbol>
      <symbol id="sm-1d">
         <name>TACCTL1</name>
         <value>0x164</value>
      </symbol>
      <symbol id="sm-1e">
         <name>TAR</name>
         <value>0x170</value>
      </symbol>
      <symbol id="sm-1f">
         <name>TACCR0</name>
         <value>0x172</value>
      </symbol>
      <symbol id="sm-20">
         <name>TACCR1</name>
         <value>0x174</value>
      </symbol>
      <symbol id="sm-21">
         <name>USICTL0</name>
         <value>0x78</value>
      </symbol>
      <symbol id="sm-22">
         <name>USICTL1</name>
         <value>0x79</value>
      </symbol>
      <symbol id="sm-23">
         <name>USICKCTL</name>
         <value>0x7a</value>
      </symbol>
      <symbol id="sm-24">
         <name>USICNT</name>
         <value>0x7b</value>
      </symbol>
      <symbol id="sm-25">
         <name>USISRL</name>
         <value>0x7c</value>
      </symbol>
      <symbol id="sm-26">
         <name>USISRH</name>
         <value>0x7d</value>
      </symbol>
      <symbol id="sm-27">
         <name>USICTL</name>
         <value>0x78</value>
      </symbol>
      <symbol id="sm-28">
         <name>USICCTL</name>
         <value>0x7a</value>
      </symbol>
      <symbol id="sm-29">
         <name>USISR</name>
         <value>0x7c</value>
      </symbol>
      <symbol id="sm-2a">
         <name>WDTCTL</name>
         <value>0x120</value>
      </symbol>
      <symbol id="sm-2b">
         <name>CALDCO_1MHZ</name>
         <value>0x10fe</value>
      </symbol>
      <symbol id="sm-2c">
         <name>CALBC1_1MHZ</name>
         <value>0x10ff</value>
      </symbol>
      <symbol id="sm-2d">
         <name>__TI_CINIT_Base</name>
         <value>0xfa66</value>
      </symbol>
      <symbol id="sm-2e">
         <name>__TI_CINIT_Limit</name>
         <value>0xfa6a</value>
      </symbol>
      <symbol id="sm-2f">
         <name>__TI_Handler_Table_Base</name>
         <value>0xfa62</value>
      </symbol>
      <symbol id="sm-30">
         <name>__TI_Handler_Table_Limit</name>
         <value>0xfa66</value>
      </symbol>
      <symbol id="sm-31">
         <name>binit</name>
         <value>0xffffffff</value>
      </symbol>
      <symbol id="sm-32">
         <name>__binit__</name>
         <value>0xffffffff</value>
      </symbol>
      <symbol id="sm-33">
         <name>__STACK_SIZE</name>
         <value>0x32</value>
      </symbol>
      <symbol id="sm-34">
         <name>__STACK_END</name>
         <value>0x27e</value>
      </symbol>
      <symbol id="sm-35">
         <name>__c_args__</name>
         <value>0xffffffff</value>
      </symbol>
      <symbol id="sm-84">
         <name>i</name>
         <value>0x204</value>
         <object_component_ref idref="oc-8e"/>
      </symbol>
      <symbol id="sm-85">
         <name>main</name>
         <value>0xf9cc</value>
         <object_component_ref idref="oc-55"/>
      </symbol>
      <symbol id="sm-86">
         <name>tx_send</name>
         <value>0xf800</value>
         <object_component_ref idref="oc-90"/>
      </symbol>
      <symbol id="sm-87">
         <name>ii</name>
         <value>0x206</value>
         <object_component_ref idref="oc-8e"/>
      </symbol>
      <symbol id="sm-88">
         <name>bit</name>
         <value>0x202</value>
         <object_component_ref idref="oc-8e"/>
      </symbol>
      <symbol id="sm-89">
         <name>count</name>
         <value>0x200</value>
         <object_component_ref idref="oc-8e"/>
      </symbol>
      <symbol id="sm-97">
         <name>_c_int00_noexit</name>
         <value>0xf9f6</value>
         <object_component_ref idref="oc-30"/>
      </symbol>
      <symbol id="sm-98">
         <name>_c_int00</name>
         <value>0xf9f6</value>
         <object_component_ref idref="oc-30"/>
      </symbol>
      <symbol id="sm-99">
         <name>_stack</name>
         <value>0x24c</value>
         <object_component_ref idref="oc-44"/>
      </symbol>
      <symbol id="sm-9a">
         <name>_reset_vector</name>
         <value>0xfffe</value>
         <object_component_ref idref="oc-46"/>
      </symbol>
      <symbol id="sm-af">
         <name>__TI_decompress_none</name>
         <value>0xfa10</value>
         <object_component_ref idref="oc-35"/>
      </symbol>
      <symbol id="sm-cf">
         <name>__TI_decompress_rle24</name>
         <value>0xfa4a</value>
         <object_component_ref idref="oc-3f"/>
      </symbol>
      <symbol id="sm-dd">
         <name>__mspabi_func_epilog_2</name>
         <value>0xfa3e</value>
         <object_component_ref idref="oc-88"/>
      </symbol>
      <symbol id="sm-de">
         <name>__mspabi_func_epilog_3</name>
         <value>0xfa3c</value>
         <object_component_ref idref="oc-88"/>
      </symbol>
      <symbol id="sm-df">
         <name>__mspabi_func_epilog_1</name>
         <value>0xfa40</value>
         <object_component_ref idref="oc-88"/>
      </symbol>
      <symbol id="sm-e0">
         <name>__mspabi_func_epilog_6</name>
         <value>0xfa36</value>
         <object_component_ref idref="oc-88"/>
      </symbol>
      <symbol id="sm-e1">
         <name>__mspabi_func_epilog_7</name>
         <value>0xfa34</value>
         <object_component_ref idref="oc-88"/>
      </symbol>
      <symbol id="sm-e2">
         <name>__mspabi_func_epilog_4</name>
         <value>0xfa3a</value>
         <object_component_ref idref="oc-88"/>
      </symbol>
      <symbol id="sm-e3">
         <name>__mspabi_func_epilog_5</name>
         <value>0xfa38</value>
         <object_component_ref idref="oc-88"/>
      </symbol>
      <symbol id="sm-ec">
         <name>C$$EXIT</name>
         <value>0xfa54</value>
         <object_component_ref idref="oc-5a"/>
      </symbol>
      <symbol id="sm-ed">
         <name>abort</name>
         <value>0xfa54</value>
         <object_component_ref idref="oc-5a"/>
      </symbol>
      <symbol id="sm-f0">
         <name>__TI_int02</name>
         <value>0xffe4</value>
         <object_component_ref idref="oc-29"/>
      </symbol>
      <symbol id="sm-f3">
         <name>__TI_int03</name>
         <value>0xffe6</value>
         <object_component_ref idref="oc-2a"/>
      </symbol>
      <symbol id="sm-f6">
         <name>__TI_int04</name>
         <value>0xffe8</value>
         <object_component_ref idref="oc-2b"/>
      </symbol>
      <symbol id="sm-f9">
         <name>__TI_int08</name>
         <value>0xfff0</value>
         <object_component_ref idref="oc-2c"/>
      </symbol>
      <symbol id="sm-fc">
         <name>__TI_int09</name>
         <value>0xfff2</value>
         <object_component_ref idref="oc-2d"/>
      </symbol>
      <symbol id="sm-ff">
         <name>__TI_int10</name>
         <value>0xfff4</value>
         <object_component_ref idref="oc-2e"/>
      </symbol>
      <symbol id="sm-102">
         <name>__TI_int14</name>
         <value>0xfffc</value>
         <object_component_ref idref="oc-2f"/>
      </symbol>
      <symbol id="sm-109">
         <name>__TI_ISR_TRAP</name>
         <value>0xfa44</value>
         <object_component_ref idref="oc-47"/>
      </symbol>
      <symbol id="sm-117">
         <name>memcpy</name>
         <value>0xfa22</value>
         <object_component_ref idref="oc-60"/>
      </symbol>
      <symbol id="sm-11f">
         <name>_system_pre_init</name>
         <value>0xfa50</value>
         <object_component_ref idref="oc-4b"/>
      </symbol>
      <symbol id="sm-135">
         <name>_auto_init</name>
         <value>0xf96e</value>
         <object_component_ref idref="oc-50"/>
      </symbol>
      <symbol id="sm-136">
         <name>__TI_exit</name>
         <value>0x1</value>
      </symbol>
      <symbol id="sm-137">
         <name>__TI_args_main</name>
         <value>0x1</value>
      </symbol>
      <symbol id="sm-138">
         <name>__TI_INITARRAY_Base</name>
         <value>0x0</value>
      </symbol>
      <symbol id="sm-139">
         <name>__TI_INITARRAY_Limit</name>
         <value>0x0</value>
      </symbol>
   </symbol_table>
   <title>Link successful</title>
</link_info>
